// Jest Snapshot v1, https://goo.gl/fbAQLP

exports[`AutocompleteInput component should render 1`] = `
<div
  className="container"
>
  <input
    onChange={[Function]}
    type="text"
    value=""
  />
  <div
    className="dropdown"
  />
</div>
`;
